// Jest Snapshot v1, https://goo.gl/fbAQLP

exports[`snapshotting snapshotting 1`] = `
<div
  className="MotherContainer"
>
  <div
    className="OtherComponents"
  />
  <div>
    <h2>
      Menu
    </h2>
    <div
      id="hidden"
    >
      <button
        onClick={[Function]}
      >
        Previous
      </button>
      <button
        onClick={[Function]}
      >
        Next
      </button>
    </div>
    <nav
      id="menuNav"
    >
      <button
        className="MenuNavButton2"
        onClick={[Function]}
      >
        Lunch
      </button>
      <button
        className="MenuNavButton"
        onClick={[Function]}
      >
        Dinner
      </button>
      <button
        className="MenuNavButton"
        onClick={[Function]}
      >
        Brunch
      </button>
      <button
        className="MenuNavButton"
        onClick={[Function]}
      >
        Happy Hour
      </button>
    </nav>
    <div
      className="container-1"
    >
      <div
        className="container"
      >
        <div
          className="leftContainer"
        />
        <div
          className="rightContainer"
        />
      </div>
      <div
        id="blocker"
      />
    </div>
    <div>
      <div
        style={
          Object {
            "borderBottom": "1px solid #d8d9db",
            "paddingBottom": "40px",
            "textAlign": "center",
          }
        }
      >
        <button
          id="viewFull"
          onClick={[Function]}
        >
          View All
        </button>
      </div>
    </div>
  </div>
  <div />
</div>
`;
